
Memory Configuration

Name             Origin             Length             Attributes
bootrom_mem      0x0000000000010000 0x0000000000004000 xr
memory_mem       0x0000000080000000 0x0000000040000000 xrw
*default*        0x0000000000000000 0xffffffffffffffff

Linker script and memory map

LOAD /tmp/ccCJnpwa.o
LOAD /tmp/ccV9EMUI.o
LOAD /tmp/ccFEQPXn.o
LOAD /tmp/ccdJljNe.o
LOAD /tmp/cc7oW53u.o
LOAD /tmp/cclYzilH.o
LOAD /tmp/ccZE3pDy.o
                [!provide]                        PROVIDE (_ram = ORIGIN (memory_mem))
                [!provide]                        PROVIDE (_ram_end = (_ram + LENGTH (memory_mem)))

.text           0x0000000000010000     0x2e0c
                [!provide]                        PROVIDE (_ftext = .)
 *(.text.init)
 .text.init     0x0000000000010000       0x94 /tmp/ccCJnpwa.o
                0x0000000000010000                _prog_start
 *(.text.unlikely .text.unlikely.*)
 *(.text .text.* .gnu.linkonce.t.*)
 .text          0x0000000000010094        0x0 /tmp/ccCJnpwa.o
 .text          0x0000000000010094       0xf8 /tmp/ccV9EMUI.o
 .text.startup  0x000000000001018c      0x4e4 /tmp/ccV9EMUI.o
                0x000000000001018c                main
 .text          0x0000000000010670      0x1e0 /tmp/ccFEQPXn.o
                0x0000000000010670                kputs
                0x00000000000106c0                kprintf
 .text          0x0000000000010850     0x18ec /tmp/ccdJljNe.o
                0x00000000000116c8                clust2sect
                0x00000000000116f8                get_fat
                0x0000000000011714                f_mount
                0x00000000000117c4                f_open
                0x0000000000011900                f_read
                0x0000000000011bf0                f_close
                0x0000000000011c60                f_chdrive
                0x0000000000011ca0                f_chdir
                0x0000000000011d74                f_getcwd
 .text          0x000000000001213c      0xb28 /tmp/cc7oW53u.o
                0x00000000000124c8                disk_initialize
                0x00000000000126d4                disk_status
                0x00000000000126ec                disk_read
                0x00000000000127d0                disk_write
                0x00000000000128f4                disk_ioctl
 .text          0x0000000000012c64      0x114 /tmp/cclYzilH.o
                0x0000000000012c64                spi_init
                0x0000000000012c94                spi_disable
                0x0000000000012ca0                spi_send
                0x0000000000012cc0                spi_send_multi
                0x0000000000012d10                spi_recv_multi
                0x0000000000012d58                spi_select_slave
                0x0000000000012d6c                spi_deselect_slave
 .text          0x0000000000012d78       0x54 /tmp/ccZE3pDy.o
                0x0000000000012d78                memset
                0x0000000000012da8                memcpy
                [!provide]                        PROVIDE (_etext = .)
                0x0000000000012e0c                . = (. + 0x40)
 *fill*         0x0000000000012dcc       0x40 

.eh_frame       0x0000000000012e10        0x0
 *(.eh_frame)

.srodata        0x0000000000012e10        0x4
 *(.srodata.cst16)
 *(.srodata.cst8)
 *(.srodata.cst4)
 *(.srodata.cst2)
 *(.srodata.*)
 .srodata       0x0000000000012e10        0x4 /tmp/ccV9EMUI.o

.data           0x0000000000012e18        0x0
 *(.data .data.* .gnu.linkonce.d.*)
 .data          0x0000000000012e18        0x0 /tmp/ccCJnpwa.o
 .data          0x0000000000012e18        0x0 /tmp/ccV9EMUI.o
 .data          0x0000000000012e18        0x0 /tmp/ccFEQPXn.o
 .data          0x0000000000012e18        0x0 /tmp/ccdJljNe.o
 .data          0x0000000000012e18        0x0 /tmp/cc7oW53u.o
 .data          0x0000000000012e18        0x0 /tmp/cclYzilH.o
 .data          0x0000000000012e18        0x0 /tmp/ccZE3pDy.o
 *(.tohost)

.sdata          0x0000000000012e18        0x8
 *(.sdata .sdata.* .gnu.linkonce.s.*)
 .sdata         0x0000000000012e18        0x8 /tmp/cclYzilH.o
                0x0000000000012e18                spi_base_ptr

.rodata         0x0000000000012e20      0x2e0
 *(.rodata .rodata.* .gnu.linkonce.r.*)
 .rodata.str1.8
                0x0000000000012e20      0x195 /tmp/ccV9EMUI.o
 *fill*         0x0000000000012fb5        0x3 
 .rodata        0x0000000000012fb8       0x58 /tmp/ccFEQPXn.o
 .rodata.str1.8
                0x0000000000013010        0xf /tmp/ccdJljNe.o
 *fill*         0x000000000001301f        0x1 
 .rodata        0x0000000000013020       0xdc /tmp/cc7oW53u.o
 *(.dtb)
 *fill*         0x00000000000130fc        0x4 
 .dtb           0x0000000000013100        0x0 /tmp/ccCJnpwa.o
                [!provide]                        PROVIDE (_data = ADDR (.rodata))
                [!provide]                        PROVIDE (_data_lma = LOADADDR (.rodata))
                [!provide]                        PROVIDE (_edata = .)

.bss            0x0000000080000000      0x248
                [!provide]                        PROVIDE (_fbss = .)
                [!provide]                        PROVIDE (__global_pointer$ = (. + 0x7c0))
 *(.sbss .sbss.* .gnu.linkonce.sb.*)
 .sbss          0x0000000080000000        0x4 /tmp/ccdJljNe.o
 .sbss          0x0000000080000004        0x2 /tmp/cc7oW53u.o
 *(.bss .bss.* .gnu.linkonce.b.*)
 .bss           0x0000000080000006        0x0 /tmp/ccCJnpwa.o
 *fill*         0x0000000080000006        0x2 
 .bss           0x0000000080000008      0x22c /tmp/ccV9EMUI.o
                0x0000000080000008                FatFs
 .bss           0x0000000080000234        0x0 /tmp/ccFEQPXn.o
 *fill*         0x0000000080000234        0x4 
 .bss           0x0000000080000238       0x10 /tmp/ccdJljNe.o
 .bss           0x0000000080000248        0x0 /tmp/cc7oW53u.o
 .bss           0x0000000080000248        0x0 /tmp/cclYzilH.o
 .bss           0x0000000080000248        0x0 /tmp/ccZE3pDy.o
                0x0000000080000248                . = ALIGN (0x8)
                0x0000000080000248                PROVIDE (_ebss = .)
                [!provide]                        PROVIDE (_end = .)
                0x0000000080100248                PROVIDE (_sp = ALIGN ((MIN ((ORIGIN (memory_mem) + LENGTH (memory_mem)), (_ebss + 0x100000)) - 0x7), 0x8))
                [!provide]                        PROVIDE (_heap_end = (_sp - 0x800))

.stack          0x0000000080000248        0x0
                0x0000000000000001                ASSERT ((_sp >= (_ebss + 0x1000)), Error: No room left for the heap and stack)
OUTPUT(/home/dean/workspace/CODE/chipyard/fpga/src/main/resources/vcu118/sdboot//build/sdboot.elf elf64-littleriscv)

.riscv.attributes
                0x0000000000000000       0x2a
 .riscv.attributes
                0x0000000000000000       0x28 /tmp/ccCJnpwa.o
 .riscv.attributes
                0x0000000000000028       0x26 /tmp/ccV9EMUI.o
 .riscv.attributes
                0x000000000000004e       0x26 /tmp/ccFEQPXn.o
 .riscv.attributes
                0x0000000000000074       0x26 /tmp/ccdJljNe.o
 .riscv.attributes
                0x000000000000009a       0x26 /tmp/cc7oW53u.o
 .riscv.attributes
                0x00000000000000c0       0x26 /tmp/cclYzilH.o
 .riscv.attributes
                0x00000000000000e6       0x26 /tmp/ccZE3pDy.o

.comment        0x0000000000000000       0x1b
 .comment       0x0000000000000000       0x1b /tmp/ccV9EMUI.o
                                         0x1c (size before relaxing)
 .comment       0x000000000000001b       0x1c /tmp/ccFEQPXn.o
 .comment       0x000000000000001b       0x1c /tmp/ccdJljNe.o
 .comment       0x000000000000001b       0x1c /tmp/cc7oW53u.o
 .comment       0x000000000000001b       0x1c /tmp/cclYzilH.o
 .comment       0x000000000000001b       0x1c /tmp/ccZE3pDy.o

.debug_line     0x0000000000000000     0x61d4
 .debug_line    0x0000000000000000       0x74 /tmp/ccCJnpwa.o
 .debug_line    0x0000000000000074      0xda1 /tmp/ccV9EMUI.o
 .debug_line    0x0000000000000e15      0x487 /tmp/ccFEQPXn.o
 .debug_line    0x000000000000129c     0x34ed /tmp/ccdJljNe.o
 .debug_line    0x0000000000004789     0x157f /tmp/cc7oW53u.o
 .debug_line    0x0000000000005d08      0x3c1 /tmp/cclYzilH.o
 .debug_line    0x00000000000060c9      0x10b /tmp/ccZE3pDy.o

.debug_line_str
                0x0000000000000000      0x241
 .debug_line_str
                0x0000000000000000       0x50 /tmp/ccCJnpwa.o
 .debug_line_str
                0x0000000000000050      0x139 /tmp/ccV9EMUI.o
                                        0x1d5 (size before relaxing)
 .debug_line_str
                0x0000000000000189       0x78 /tmp/ccFEQPXn.o
                                        0x1fb (size before relaxing)
 .debug_line_str
                0x0000000000000201        0xe /tmp/ccdJljNe.o
                                        0x1d4 (size before relaxing)
 .debug_line_str
                0x000000000000020f        0xf /tmp/cc7oW53u.o
                                        0x1e1 (size before relaxing)
 .debug_line_str
                0x000000000000021e        0x6 /tmp/cclYzilH.o
                                        0x177 (size before relaxing)
 .debug_line_str
                0x0000000000000224       0x1d /tmp/ccZE3pDy.o
                                        0x126 (size before relaxing)

.debug_info     0x0000000000000000     0x49a5
 .debug_info    0x0000000000000000       0x29 /tmp/ccCJnpwa.o
 .debug_info    0x0000000000000029     0x11f7 /tmp/ccV9EMUI.o
 .debug_info    0x0000000000001220      0x3a8 /tmp/ccFEQPXn.o
 .debug_info    0x00000000000015c8     0x1c84 /tmp/ccdJljNe.o
 .debug_info    0x000000000000324c     0x138a /tmp/cc7oW53u.o
 .debug_info    0x00000000000045d6      0x26c /tmp/cclYzilH.o
 .debug_info    0x0000000000004842      0x163 /tmp/ccZE3pDy.o

.debug_abbrev   0x0000000000000000      0xd30
 .debug_abbrev  0x0000000000000000       0x14 /tmp/ccCJnpwa.o
 .debug_abbrev  0x0000000000000014      0x33f /tmp/ccV9EMUI.o
 .debug_abbrev  0x0000000000000353      0x19d /tmp/ccFEQPXn.o
 .debug_abbrev  0x00000000000004f0      0x317 /tmp/ccdJljNe.o
 .debug_abbrev  0x0000000000000807      0x343 /tmp/cc7oW53u.o
 .debug_abbrev  0x0000000000000b4a      0x107 /tmp/cclYzilH.o
 .debug_abbrev  0x0000000000000c51       0xdf /tmp/ccZE3pDy.o

.debug_aranges  0x0000000000000000      0x160
 .debug_aranges
                0x0000000000000000       0x30 /tmp/ccCJnpwa.o
 .debug_aranges
                0x0000000000000030       0x40 /tmp/ccV9EMUI.o
 .debug_aranges
                0x0000000000000070       0x30 /tmp/ccFEQPXn.o
 .debug_aranges
                0x00000000000000a0       0x30 /tmp/ccdJljNe.o
 .debug_aranges
                0x00000000000000d0       0x30 /tmp/cc7oW53u.o
 .debug_aranges
                0x0000000000000100       0x30 /tmp/cclYzilH.o
 .debug_aranges
                0x0000000000000130       0x30 /tmp/ccZE3pDy.o

.debug_str      0x0000000000000000      0x727
 .debug_str     0x0000000000000000       0x5c /tmp/ccCJnpwa.o
 .debug_str     0x000000000000005c      0x35b /tmp/ccV9EMUI.o
                                        0x3ba (size before relaxing)
 .debug_str     0x00000000000003b7       0x48 /tmp/ccFEQPXn.o
                                        0x167 (size before relaxing)
 .debug_str     0x00000000000003ff      0x1cb /tmp/ccdJljNe.o
                                        0x4d8 (size before relaxing)
 .debug_str     0x00000000000005ca      0x12c /tmp/cc7oW53u.o
                                        0x2b9 (size before relaxing)
 .debug_str     0x00000000000006f6        0xd /tmp/cclYzilH.o
                                        0x178 (size before relaxing)
 .debug_str     0x0000000000000703       0x24 /tmp/ccZE3pDy.o
                                         0xe2 (size before relaxing)

.debug_loclists
                0x0000000000000000     0x569d
 .debug_loclists
                0x0000000000000000      0x77f /tmp/ccV9EMUI.o
 .debug_loclists
                0x000000000000077f      0x3d2 /tmp/ccFEQPXn.o
 .debug_loclists
                0x0000000000000b51     0x3766 /tmp/ccdJljNe.o
 .debug_loclists
                0x00000000000042b7     0x10e0 /tmp/cc7oW53u.o
 .debug_loclists
                0x0000000000005397      0x174 /tmp/cclYzilH.o
 .debug_loclists
                0x000000000000550b      0x192 /tmp/ccZE3pDy.o

.debug_rnglists
                0x0000000000000000      0xe05
 .debug_rnglists
                0x0000000000000000      0x2b5 /tmp/ccV9EMUI.o
 .debug_rnglists
                0x00000000000002b5       0xef /tmp/ccFEQPXn.o
 .debug_rnglists
                0x00000000000003a4      0x689 /tmp/ccdJljNe.o
 .debug_rnglists
                0x0000000000000a2d      0x3d8 /tmp/cc7oW53u.o

.debug_frame    0x0000000000000000      0x868
 .debug_frame   0x0000000000000000       0x90 /tmp/ccV9EMUI.o
 .debug_frame   0x0000000000000090       0x50 /tmp/ccFEQPXn.o
 .debug_frame   0x00000000000000e0      0x470 /tmp/ccdJljNe.o
 .debug_frame   0x0000000000000550      0x208 /tmp/cc7oW53u.o
 .debug_frame   0x0000000000000758       0xc0 /tmp/cclYzilH.o
 .debug_frame   0x0000000000000818       0x50 /tmp/ccZE3pDy.o
