
Memory Configuration

Name             Origin             Length             Attributes
bootrom_mem      0x0000000000010000 0x0000000000002000 xr
memory_mem       0x0000000080000000 0x0000000040000000 xrw
*default*        0x0000000000000000 0xffffffffffffffff

Linker script and memory map

LOAD /tmp/cczhicix.o
LOAD /tmp/cc8wdJUu.o
LOAD /tmp/ccOAJOLY.o
                [!provide]                        PROVIDE (_ram = ORIGIN (memory_mem))
                [!provide]                        PROVIDE (_ram_end = (_ram + LENGTH (memory_mem)))

.text           0x0000000000010000      0x898
                [!provide]                        PROVIDE (_ftext = .)
 *(.text.init)
 .text.init     0x0000000000010000       0x94 /tmp/cczhicix.o
                0x0000000000010000                _prog_start
 *(.text.unlikely .text.unlikely.*)
 *(.text .text.* .gnu.linkonce.t.*)
 .text          0x0000000000010094        0x0 /tmp/cczhicix.o
 .text          0x0000000000010094       0xf8 /tmp/cc8wdJUu.o
 .text.startup  0x000000000001018c      0x4ec /tmp/cc8wdJUu.o
                0x000000000001018c                main
 .text          0x0000000000010678      0x1e0 /tmp/ccOAJOLY.o
                0x0000000000010678                kputs
                0x00000000000106c8                kprintf
                [!provide]                        PROVIDE (_etext = .)
                0x0000000000010898                . = (. + 0x40)
 *fill*         0x0000000000010858       0x40 

.eh_frame       0x0000000000010898        0x0
 *(.eh_frame)

.srodata        0x0000000000010898        0x4
 *(.srodata.cst16)
 *(.srodata.cst8)
 *(.srodata.cst4)
 *(.srodata.cst2)
 *(.srodata.*)
 .srodata       0x0000000000010898        0x4 /tmp/cc8wdJUu.o

.data           0x00000000000108a0        0x0
 *(.data .data.* .gnu.linkonce.d.*)
 .data          0x00000000000108a0        0x0 /tmp/cczhicix.o
 .data          0x00000000000108a0        0x0 /tmp/cc8wdJUu.o
 .data          0x00000000000108a0        0x0 /tmp/ccOAJOLY.o
 *(.tohost)

.sdata          0x00000000000108a0        0x0
 *(.sdata .sdata.* .gnu.linkonce.s.*)

.rodata         0x00000000000108a0       0xf8
 *(.rodata .rodata.* .gnu.linkonce.r.*)
 .rodata.str1.8
                0x00000000000108a0       0x9d /tmp/cc8wdJUu.o
 *fill*         0x000000000001093d        0x3 
 .rodata        0x0000000000010940       0x58 /tmp/ccOAJOLY.o
 *(.dtb)
 .dtb           0x0000000000010998        0x0 /tmp/cczhicix.o
                [!provide]                        PROVIDE (_data = ADDR (.rodata))
                [!provide]                        PROVIDE (_data_lma = LOADADDR (.rodata))
                [!provide]                        PROVIDE (_edata = .)

.bss            0x0000000080000000        0x0
                [!provide]                        PROVIDE (_fbss = .)
                [!provide]                        PROVIDE (__global_pointer$ = (. + 0x7c0))
 *(.sbss .sbss.* .gnu.linkonce.sb.*)
 *(.bss .bss.* .gnu.linkonce.b.*)
 .bss           0x0000000080000000        0x0 /tmp/cczhicix.o
 .bss           0x0000000080000000        0x0 /tmp/cc8wdJUu.o
 .bss           0x0000000080000000        0x0 /tmp/ccOAJOLY.o
                0x0000000080000000                . = ALIGN (0x8)
                0x0000000080000000                PROVIDE (_ebss = .)
                [!provide]                        PROVIDE (_end = .)
                0x0000000080100000                PROVIDE (_sp = ALIGN ((MIN ((ORIGIN (memory_mem) + LENGTH (memory_mem)), (_ebss + 0x100000)) - 0x7), 0x8))
                [!provide]                        PROVIDE (_heap_end = (_sp - 0x800))

.stack          0x0000000080000000        0x0
                0x0000000000000001                ASSERT ((_sp >= (_ebss + 0x1000)), Error: No room left for the heap and stack)
OUTPUT(/home/dean/workspace/CODE/chipyard/fpga/src/main/resources/vcu118/sdboot//build/sdboot.elf elf64-littleriscv)

.riscv.attributes
                0x0000000000000000       0x2a
 .riscv.attributes
                0x0000000000000000       0x28 /tmp/cczhicix.o
 .riscv.attributes
                0x0000000000000028       0x26 /tmp/cc8wdJUu.o
 .riscv.attributes
                0x000000000000004e       0x26 /tmp/ccOAJOLY.o

.comment        0x0000000000000000       0x1b
 .comment       0x0000000000000000       0x1b /tmp/cc8wdJUu.o
                                         0x1c (size before relaxing)
 .comment       0x000000000000001b       0x1c /tmp/ccOAJOLY.o

.debug_line     0x0000000000000000     0x155e
 .debug_line    0x0000000000000000       0x74 /tmp/cczhicix.o
 .debug_line    0x0000000000000074     0x1063 /tmp/cc8wdJUu.o
 .debug_line    0x00000000000010d7      0x487 /tmp/ccOAJOLY.o

.debug_line_str
                0x0000000000000000      0x1aa
 .debug_line_str
                0x0000000000000000       0x50 /tmp/cczhicix.o
 .debug_line_str
                0x0000000000000050       0xe2 /tmp/cc8wdJUu.o
                                        0x17e (size before relaxing)
 .debug_line_str
                0x0000000000000132       0x78 /tmp/ccOAJOLY.o
                                        0x1fb (size before relaxing)

.debug_info     0x0000000000000000     0x1400
 .debug_info    0x0000000000000000       0x29 /tmp/cczhicix.o
 .debug_info    0x0000000000000029     0x102f /tmp/cc8wdJUu.o
 .debug_info    0x0000000000001058      0x3a8 /tmp/ccOAJOLY.o

.debug_abbrev   0x0000000000000000      0x410
 .debug_abbrev  0x0000000000000000       0x14 /tmp/cczhicix.o
 .debug_abbrev  0x0000000000000014      0x25f /tmp/cc8wdJUu.o
 .debug_abbrev  0x0000000000000273      0x19d /tmp/ccOAJOLY.o

.debug_aranges  0x0000000000000000       0xa0
 .debug_aranges
                0x0000000000000000       0x30 /tmp/cczhicix.o
 .debug_aranges
                0x0000000000000030       0x40 /tmp/cc8wdJUu.o
 .debug_aranges
                0x0000000000000070       0x30 /tmp/ccOAJOLY.o

.debug_str      0x0000000000000000      0x22f
 .debug_str     0x0000000000000000       0x5c /tmp/cczhicix.o
 .debug_str     0x000000000000005c      0x18b /tmp/cc8wdJUu.o
                                        0x1d1 (size before relaxing)
 .debug_str     0x00000000000001e7       0x48 /tmp/ccOAJOLY.o
                                        0x167 (size before relaxing)

.debug_loclists
                0x0000000000000000      0xcac
 .debug_loclists
                0x0000000000000000      0x8da /tmp/cc8wdJUu.o
 .debug_loclists
                0x00000000000008da      0x3d2 /tmp/ccOAJOLY.o

.debug_rnglists
                0x0000000000000000      0x4ec
 .debug_rnglists
                0x0000000000000000      0x3fd /tmp/cc8wdJUu.o
 .debug_rnglists
                0x00000000000003fd       0xef /tmp/ccOAJOLY.o

.debug_frame    0x0000000000000000       0xc0
 .debug_frame   0x0000000000000000       0x70 /tmp/cc8wdJUu.o
 .debug_frame   0x0000000000000070       0x50 /tmp/ccOAJOLY.o
